// Jest Snapshot v1, https://goo.gl/fbAQLP

exports[`validates Card component against snapshot 1`] = `ShallowWrapper {}`;
